2026-09-30T12:13:29
12:13  up 2 days, 19:43, 7 users, load averages: 6.87 8.26 7.40
olmoe: none
ballast: 59845
59881
total = 23552.00M  used = 22282.94M  free = 1269.06M  (encrypted)
File-backed pages:                             72556.
2026-09-30T12:13:59
12:13  up 2 days, 19:43, 7 users, load averages: 11.83 9.25 7.78
olmoe: 61298
ballast: 59845
59881
total = 33792.00M  used = 26357.81M  free = 7434.19M  (encrypted)
File-backed pages:                            145189.
2026-09-30T12:14:29
12:14  up 2 days, 19:44, 7 users, load averages: 11.72 9.44 7.89
olmoe: 61298
ballast: 59845
59881
total = 27648.00M  used = 26171.00M  free = 1477.00M  (encrypted)
File-backed pages:                            107252.
2026-09-30T12:14:59
12:14  up 2 days, 19:44, 7 users, load averages: 14.55 10.31 8.26
olmoe: 61298
ballast: 59845
59881
total = 27648.00M  used = 26270.69M  free = 1377.31M  (encrypted)
File-backed pages:                             80266.
2026-09-30T12:15:29
12:15  up 2 days, 19:45, 7 users, load averages: 16.41 11.12 8.62
olmoe: 62751
ballast: 59845
59881
total = 28672.00M  used = 27423.81M  free = 1248.19M  (encrypted)
File-backed pages:                            133166.
2026-09-30T12:16:00
12:16  up 2 days, 19:45, 7 users, load averages: 13.75 10.99 8.66
olmoe: 62751
ballast: 59845
59881
total = 28672.00M  used = 27120.81M  free = 1551.19M  (encrypted)
File-backed pages:                            118972.
2026-09-30T12:16:30
12:16  up 2 days, 19:46, 7 users, load averages: 14.29 11.39 8.88
olmoe: 62751
ballast: 59845
59881
total = 23552.00M  used = 22078.06M  free = 1473.94M  (encrypted)
File-backed pages:                            119014.
2026-09-30T12:17:00
12:17  up 2 days, 19:46, 7 users, load averages: 13.48 11.51 9.02
olmoe: 63844
ballast: 59845
59881
total = 23552.00M  used = 22375.62M  free = 1176.38M  (encrypted)
File-backed pages:                            133748.
2026-09-30T12:17:30
12:17  up 2 days, 19:47, 7 users, load averages: 13.96 11.92 9.25
olmoe: 63844
ballast: 59845
59881
total = 23552.00M  used = 22393.12M  free = 1158.88M  (encrypted)
File-backed pages:                            118585.
2026-09-30T12:18:00
12:18  up 2 days, 19:47, 7 users, load averages: 13.53 12.01 9.38
olmoe: 63844
ballast: 59845
59881
total = 23552.00M  used = 22263.00M  free = 1289.00M  (encrypted)
File-backed pages:                            119109.
2026-09-30T12:18:31
12:18  up 2 days, 19:48, 7 users, load averages: 10.94 11.55 9.30
olmoe: 65115
ballast: 59845
59881
total = 23552.00M  used = 22176.06M  free = 1375.94M  (encrypted)
File-backed pages:                            135519.
2026-09-30T12:19:01
12:19  up 2 days, 19:48, 7 users, load averages: 10.21 11.30 9.29
olmoe: 65115
ballast: 59845
59881
total = 23552.00M  used = 22092.94M  free = 1459.06M  (encrypted)
File-backed pages:                            128196.
2026-09-30T12:19:31
12:19  up 2 days, 19:49, 7 users, load averages: 7.89 10.63 9.12
olmoe: 66000
ballast: 59845
59881
total = 23552.00M  used = 22133.81M  free = 1418.19M  (encrypted)
File-backed pages:                            137452.
2026-09-30T12:20:01
12:20  up 2 days, 19:50, 7 users, load averages: 8.53 10.56 9.15
olmoe: 66000
ballast: 59845
59881
total = 22528.00M  used = 21584.56M  free = 943.44M  (encrypted)
File-backed pages:                            124845.
2026-09-30T12:20:31
12:20  up 2 days, 19:50, 7 users, load averages: 10.28 10.76 9.27
olmoe: 66803
ballast: 59845
59881
total = 23552.00M  used = 22469.88M  free = 1082.12M  (encrypted)
File-backed pages:                            127436.
2026-09-30T12:21:02
12:21  up 2 days, 19:51, 7 users, load averages: 9.03 10.41 9.20
olmoe: 66803
ballast: 59845
59881
total = 23552.00M  used = 22499.06M  free = 1052.94M  (encrypted)
File-backed pages:                            112885.
2026-09-30T12:21:32
12:21  up 2 days, 19:51, 7 users, load averages: 7.74 9.96 9.07
olmoe: 67453
ballast: 59845
59881
total = 23552.00M  used = 22043.06M  free = 1508.94M  (encrypted)
File-backed pages:                            133417.
2026-09-30T12:22:02
12:22  up 2 days, 19:52, 7 users, load averages: 8.50 9.92 9.09
olmoe: 67453
ballast: 59845
59881
total = 23552.00M  used = 22003.88M  free = 1548.12M  (encrypted)
File-backed pages:                            131578.
2026-09-30T12:22:32
12:22  up 2 days, 19:52, 7 users, load averages: 7.37 9.52 8.97
olmoe: 68263
ballast: 59845
59881
total = 23552.00M  used = 21971.06M  free = 1580.94M  (encrypted)
File-backed pages:                            131726.
2026-09-30T12:23:02
12:23  up 2 days, 19:53, 7 users, load averages: 7.76 9.43 8.96
olmoe: 68263
ballast: 59845
59881
total = 23552.00M  used = 22658.88M  free = 893.12M  (encrypted)
File-backed pages:                            126632.
2026-09-30T12:23:32
12:23  up 2 days, 19:53, 7 users, load averages: 9.48 9.67 9.06
olmoe: 68895
ballast: 59845
59881
total = 24576.00M  used = 23290.88M  free = 1285.12M  (encrypted)
File-backed pages:                            127971.
2026-09-30T12:24:03
12:24  up 2 days, 19:54, 7 users, load averages: 12.23 10.24 9.28
olmoe: 68895
ballast: 59845
59881
total = 30720.00M  used = 29842.62M  free = 877.38M  (encrypted)
File-backed pages:                             52802.
2026-09-30T12:24:33
12:24  up 2 days, 19:54, 7 users, load averages: 9.09 9.69 9.12
olmoe: 68895
ballast: 59845
59881
total = 31744.00M  used = 30418.75M  free = 1325.25M  (encrypted)
File-backed pages:                             78641.
2026-09-30T12:25:03
12:25  up 2 days, 19:55, 7 users, load averages: 9.33 9.70 9.14
olmoe: 69850
ballast: 59845
59881
total = 32768.00M  used = 31638.94M  free = 1129.06M  (encrypted)
File-backed pages:                            121354.
2026-09-30T12:25:33
12:25  up 2 days, 19:55, 7 users, load averages: 10.65 9.95 9.25
olmoe: 69850
ballast: 59845
59881
total = 27648.00M  used = 26582.06M  free = 1065.94M  (encrypted)
File-backed pages:                            123015.
2026-09-30T12:26:03
12:26  up 2 days, 19:56, 7 users, load averages: 9.69 9.81 9.22
olmoe: 70739
ballast: 59845
59881
total = 25600.00M  used = 22828.56M  free = 2771.44M  (encrypted)
File-backed pages:                            155703.
2026-09-30T12:26:33
12:26  up 2 days, 19:56, 7 users, load averages: 8.98 9.62 9.17
olmoe: 70739
ballast: 59845
59881
total = 23552.00M  used = 22427.88M  free = 1124.12M  (encrypted)
File-backed pages:                            131062.
2026-09-30T12:27:04
12:27  up 2 days, 19:57, 7 users, load averages: 8.57 9.45 9.12
olmoe: 71381
ballast: 59845
59881
total = 23552.00M  used = 22379.25M  free = 1172.75M  (encrypted)
File-backed pages:                            131031.
2026-09-30T12:27:34
12:27  up 2 days, 19:57, 7 users, load averages: 7.67 9.15 9.03
olmoe: 71381
ballast: 59845
59881
total = 23552.00M  used = 21899.25M  free = 1652.75M  (encrypted)
File-backed pages:                            122823.
2026-09-30T12:28:04
12:28  up 2 days, 19:58, 7 users, load averages: 7.21 8.88 8.93
olmoe: 72025
ballast: 59845
59881
total = 22528.00M  used = 21818.06M  free = 709.94M  (encrypted)
File-backed pages:                            123311.
2026-09-30T12:28:34
12:28  up 2 days, 19:58, 7 users, load averages: 5.97 8.43 8.76
olmoe: 72025
ballast: 59845
59881
total = 22528.00M  used = 21575.75M  free = 952.25M  (encrypted)
File-backed pages:                            124677.
2026-09-30T12:29:04
12:29  up 2 days, 19:59, 7 users, load averages: 6.90 8.43 8.75
olmoe: 72674
ballast: 59845
59881
total = 22528.00M  used = 21909.38M  free = 618.62M  (encrypted)
File-backed pages:                            121977.
2026-09-30T12:29:34
12:29  up 2 days, 19:59, 7 users, load averages: 7.45 8.41 8.73
olmoe: 72674
ballast: 59845
59881
total = 22528.00M  used = 21719.56M  free = 808.44M  (encrypted)
File-backed pages:                            123468.
2026-09-30T12:30:05
12:30  up 2 days, 20 hrs, 7 users, load averages: 7.53 8.32 8.69
olmoe: 73306
ballast: 59845
59881
total = 22528.00M  used = 21894.94M  free = 633.06M  (encrypted)
File-backed pages:                            123227.
2026-09-30T12:30:35
12:30  up 2 days, 20 hrs, 7 users, load averages: 6.58 8.02 8.56
olmoe: 73306
ballast: 59845
59881
total = 22528.00M  used = 21904.62M  free = 623.38M  (encrypted)
File-backed pages:                            123768.
2026-09-30T12:31:05
12:31  up 2 days, 20:01, 7 users, load averages: 7.73 8.14 8.59
olmoe: 74167
ballast: 59845
59881
total = 23552.00M  used = 22521.81M  free = 1030.19M  (encrypted)
File-backed pages:                            136374.
2026-09-30T12:31:35
12:31  up 2 days, 20:01, 7 users, load averages: 7.66 8.08 8.55
olmoe: 74717
ballast: 59845
59881
total = 23552.00M  used = 22185.81M  free = 1366.19M  (encrypted)
File-backed pages:                            127124.
2026-09-30T12:32:05
12:32  up 2 days, 20:02, 7 users, load averages: 6.81 7.82 8.44
olmoe: 74717
ballast: 59845
59881
total = 23552.00M  used = 21962.88M  free = 1589.12M  (encrypted)
File-backed pages:                            124917.
2026-09-30T12:32:36
12:32  up 2 days, 20:02, 7 users, load averages: 7.72 7.93 8.46
olmoe: none
ballast: 59845
59881
total = 22528.00M  used = 21496.56M  free = 1031.44M  (encrypted)
File-backed pages:                            123379.
2026-09-30T12:33:06
12:33  up 2 days, 20:03, 7 users, load averages: 7.42 7.86 8.41
olmoe: none
ballast: 59845
59881
total = 22528.00M  used = 20872.56M  free = 1655.44M  (encrypted)
File-backed pages:                            112319.
2026-09-30T12:33:36
12:33  up 2 days, 20:03, 7 users, load averages: 7.22 7.77 8.36
olmoe: none
ballast: 59845
59881
total = 21504.00M  used = 21069.75M  free = 434.25M  (encrypted)
File-backed pages:                             66865.
2026-09-30T12:34:06
12:34  up 2 days, 20:04, 7 users, load averages: 9.99 8.40 8.56
olmoe: none
ballast: 59845
59881
total = 26624.00M  used = 25412.44M  free = 1211.56M  (encrypted)
File-backed pages:                            135461.
2026-09-30T12:34:36
12:34  up 2 days, 20:04, 7 users, load averages: 10.05 8.54 8.61
olmoe: none
ballast: 59845
59881
total = 26624.00M  used = 25592.56M  free = 1031.44M  (encrypted)
File-backed pages:                             93897.
2026-09-30T12:35:06
12:35  up 2 days, 20:05, 7 users, load averages: 6.63 7.85 8.35
olmoe: none
ballast: 59845
59881
total = 26624.00M  used = 25326.56M  free = 1297.44M  (encrypted)
File-backed pages:                             59404.
2026-09-30T12:35:37
12:35  up 2 days, 20:05, 7 users, load averages: 4.58 7.24 8.12
olmoe: none
ballast: 59845
59881
total = 26624.00M  used = 25050.31M  free = 1573.69M  (encrypted)
File-backed pages:                             45075.
2026-09-30T12:36:07
12:36  up 2 days, 20:06, 7 users, load averages: 4.03 6.86 7.95
olmoe: 77857
ballast: 59845
59881
total = 24576.00M  used = 22913.62M  free = 1662.38M  (encrypted)
File-backed pages:                            105293.
2026-09-30T12:36:37
12:36  up 2 days, 20:06, 7 users, load averages: 4.17 6.63 7.83
olmoe: 77857
ballast: 59845
59881
total = 23552.00M  used = 22238.38M  free = 1313.62M  (encrypted)
File-backed pages:                            103603.
2026-09-30T12:37:07
12:37  up 2 days, 20:07, 7 users, load averages: 4.44 6.46 7.72
olmoe: 78639
ballast: 59845
59881
total = 23552.00M  used = 22129.56M  free = 1422.44M  (encrypted)
File-backed pages:                            105946.
2026-09-30T12:37:37
12:37  up 2 days, 20:07, 7 users, load averages: 5.88 6.59 7.72
olmoe: 78639
ballast: 59845
59881
total = 22528.00M  used = 21507.56M  free = 1020.44M  (encrypted)
File-backed pages:                            104896.
2026-09-30T12:38:07
12:38  up 2 days, 20:08, 7 users, load averages: 5.02 6.33 7.59
olmoe: none
ballast: 59845
59881
total = 22528.00M  used = 21140.88M  free = 1387.12M  (encrypted)
File-backed pages:                            107806.
2026-09-30T12:38:37
12:38  up 2 days, 20:08, 7 users, load averages: 3.66 5.88 7.38
olmoe: none
ballast: 59845
59881
total = 21504.00M  used = 20216.62M  free = 1287.38M  (encrypted)
File-backed pages:                            119098.
2026-09-30T12:39:07
12:39  up 2 days, 20:09, 7 users, load averages: 5.56 6.08 7.39
olmoe: 80266
ballast: 59845
59881
total = 22528.00M  used = 22139.69M  free = 388.31M  (encrypted)
File-backed pages:                            118341.
2026-09-30T12:39:38
12:39  up 2 days, 20:09, 7 users, load averages: 5.95 6.15 7.37
olmoe: 80266
ballast: 59845
59881
total = 23552.00M  used = 22594.25M  free = 957.75M  (encrypted)
File-backed pages:                            123753.
2026-09-30T12:40:08
12:40  up 2 days, 20:10, 7 users, load averages: 6.41 6.28 7.38
olmoe: 81278
ballast: 59845
59881
total = 23552.00M  used = 22146.25M  free = 1405.75M  (encrypted)
File-backed pages:                            144144.
2026-09-30T12:40:38
12:40  up 2 days, 20:10, 7 users, load averages: 6.53 6.36 7.37
olmoe: 81278
ballast: 59845
59881
total = 23552.00M  used = 21808.69M  free = 1743.31M  (encrypted)
File-backed pages:                            132189.
2026-09-30T12:41:08
12:41  up 2 days, 20:11, 7 users, load averages: 6.43 6.35 7.33
olmoe: 82001
ballast: 59845
59881
total = 22528.00M  used = 22044.44M  free = 483.56M  (encrypted)
File-backed pages:                            136686.
2026-09-30T12:41:38
12:41  up 2 days, 20:11, 7 users, load averages: 5.27 6.09 7.20
olmoe: 82001
ballast: 59845
59881
total = 22528.00M  used = 21799.06M  free = 728.94M  (encrypted)
File-backed pages:                            129583.
2026-09-30T12:42:08
12:42  up 2 days, 20:12, 7 users, load averages: 6.16 6.22 7.21
olmoe: 82593
ballast: 59845
59881
total = 22528.00M  used = 22105.31M  free = 422.69M  (encrypted)
File-backed pages:                            128133.
2026-09-30T12:42:39
12:42  up 2 days, 20:12, 7 users, load averages: 5.02 5.96 7.08
olmoe: 82593
ballast: 59845
59881
total = 22528.00M  used = 21975.25M  free = 552.75M  (encrypted)
File-backed pages:                            129053.
2026-09-30T12:43:09
12:43  up 2 days, 20:13, 7 users, load averages: 5.65 6.00 7.05
olmoe: 83364
ballast: 59845
59881
total = 23552.00M  used = 22208.50M  free = 1343.50M  (encrypted)
File-backed pages:                            125051.
2026-09-30T12:43:39
12:43  up 2 days, 20:13, 7 users, load averages: 6.95 6.27 7.11
olmoe: 83364
ballast: 59845
59881
total = 25600.00M  used = 24783.25M  free = 816.75M  (encrypted)
File-backed pages:                            125832.
2026-09-30T12:44:09
12:44  up 2 days, 20:14, 7 users, load averages: 9.20 6.85 7.29
olmoe: 84308
ballast: 59845
59881
total = 31744.00M  used = 30381.50M  free = 1362.50M  (encrypted)
File-backed pages:                            146934.
2026-09-30T12:44:39
12:44  up 2 days, 20:14, 7 users, load averages: 8.23 6.90 7.30
olmoe: 84308
ballast: 59845
59881
total = 33792.00M  used = 32116.31M  free = 1675.69M  (encrypted)
File-backed pages:                             97706.
2026-09-30T12:45:10
12:45  up 2 days, 20:15, 7 users, load averages: 8.37 7.05 7.34
olmoe: 85014
ballast: 59845
59881
total = 26624.00M  used = 26269.62M  free = 354.38M  (encrypted)
File-backed pages:                            124996.
2026-09-30T12:45:40
12:45  up 2 days, 20:15, 7 users, load averages: 8.59 7.22 7.39
olmoe: 85014
ballast: 59845
59881
total = 27648.00M  used = 26318.38M  free = 1329.62M  (encrypted)
File-backed pages:                            124945.
2026-09-30T12:46:10
12:46  up 2 days, 20:16, 7 users, load averages: 7.53 7.09 7.33
olmoe: none
ballast: 59845
59881
total = 26624.00M  used = 23735.12M  free = 2888.88M  (encrypted)
File-backed pages:                            137582.
2026-09-30T12:46:40
12:46  up 2 days, 20:16, 7 users, load averages: 9.39 7.64 7.53
olmoe: none
ballast: 59845
59881
total = 23552.00M  used = 22790.25M  free = 761.75M  (encrypted)
File-backed pages:                            139948.
2026-09-30T12:47:10
12:47  up 2 days, 20:17, 7 users, load averages: 7.04 7.23 7.38
olmoe: none
ballast: 59845
59881
total = 23552.00M  used = 21998.25M  free = 1553.75M  (encrypted)
File-backed pages:                            143653.
2026-09-30T12:47:40
12:47  up 2 days, 20:17, 7 users, load averages: 7.57 7.32 7.41
olmoe: none
ballast: 59845
59881
total = 21504.00M  used = 20397.94M  free = 1106.06M  (encrypted)
File-backed pages:                             94997.
2026-09-30T12:48:11
12:48  up 2 days, 20:18, 7 users, load averages: 5.53 6.86 7.23
olmoe: none
ballast: 59845
59881
total = 20480.00M  used = 19705.31M  free = 774.69M  (encrypted)
File-backed pages:                             72825.
2026-09-30T12:48:41
12:48  up 2 days, 20:18, 7 users, load averages: 5.82 6.80 7.20
olmoe: none
ballast: 59845
59881
total = 20480.00M  used = 19864.50M  free = 615.50M  (encrypted)
File-backed pages:                             74173.
